[18549147ms] [ERROR] Failed to load resource: net::ERR_CONNECTION_REFUSED @ http://localhost:4200/:0
[18552528ms] [ERROR] Failed to load resource: net::ERR_CONNECTION_REFUSED @ http://localhost:4200/:0
[18555895ms] [ERROR] Failed to load resource: net::ERR_CONNECTION_REFUSED @ http://localhost:4200/:0
[18559238ms] [ERROR] Failed to load resource: net::ERR_CONNECTION_REFUSED @ http://localhost:4200/:0
[18560273ms] [ERROR] Failed to load resource: net::ERR_CONNECTION_TIMED_OUT @ https://arcep-dev.picosoft.biz/referentiel/api/guide-arceps/has-guide?url=/home:0
[18560273ms] [ERROR] Failed to load resource: net::ERR_CONNECTION_TIMED_OUT @ https://arcep-dev.picosoft.biz/referentiel/api/guide-arceps/has-guide?url=/home:0
[18560274ms] [ERROR] Failed to load resource: net::ERR_CONNECTION_TIMED_OUT @ https://arcep-dev.picosoft.biz/referentiel/api/guide-arceps/has-guide?url=/home:0
[18560274ms] [ERROR] Failed to load resource: net::ERR_CONNECTION_TIMED_OUT @ https://arcep-dev.picosoft.biz/referentiel/api/guide-arceps/has-guide?url=/home:0
[18560275ms] [ERROR] Failed to load resource: net::ERR_CONNECTION_TIMED_OUT @ https://arcep-dev.picosoft.biz/referentiel/api/guide-arceps/has-guide?url=/home:0
[18560506ms] [ERROR] Failed to load resource: net::ERR_CONNECTION_TIMED_OUT @ https://arcep-dev.picosoft.biz/referentiel/api/guide-arceps/has-guide?url=/home:0
[18562587ms] [ERROR] Failed to load resource: net::ERR_CONNECTION_REFUSED @ http://localhost:4200/:0
[18565962ms] [ERROR] Failed to load resource: net::ERR_CONNECTION_REFUSED @ http://localhost:4200/:0
[18569322ms] [ERROR] Failed to load resource: net::ERR_CONNECTION_REFUSED @ http://localhost:4200/:0
[18572671ms] [ERROR] Failed to load resource: net::ERR_CONNECTION_REFUSED @ http://localhost:4200/:0
[18576035ms] [ERROR] Failed to load resource: net::ERR_CONNECTION_REFUSED @ http://localhost:4200/:0
[18579401ms] [ERROR] Failed to load resource: net::ERR_CONNECTION_REFUSED @ http://localhost:4200/:0
[18581305ms] [ERROR] Failed to load resource: net::ERR_CONNECTION_TIMED_OUT @ https://arcep-dev.picosoft.biz/referentiel/api/guide-arceps/has-guide?url=/home:0
[18581306ms] [ERROR] Failed to load resource: net::ERR_CONNECTION_TIMED_OUT @ https://arcep-dev.picosoft.biz/referentiel/api/guide-arceps/has-guide?url=/home:0
[18581306ms] [ERROR] Failed to load resource: net::ERR_CONNECTION_TIMED_OUT @ https://arcep-dev.picosoft.biz/referentiel/api/guide-arceps/has-guide?url=/home:0
[18581306ms] [ERROR] Failed to load resource: net::ERR_CONNECTION_TIMED_OUT @ https://arcep-dev.picosoft.biz/referentiel/api/guide-arceps/has-guide?url=/home:0
[18581306ms] [ERROR] Failed to load resource: net::ERR_CONNECTION_TIMED_OUT @ https://arcep-dev.picosoft.biz/referentiel/api/guide-arceps/has-guide?url=/home:0
[18581536ms] [ERROR] Failed to load resource: net::ERR_CONNECTION_TIMED_OUT @ https://arcep-dev.picosoft.biz/referentiel/api/guide-arceps/has-guide?url=/home:0
[18582779ms] [ERROR] Failed to load resource: net::ERR_CONNECTION_REFUSED @ http://localhost:4200/:0
[18586140ms] [ERROR] Failed to load resource: net::ERR_CONNECTION_REFUSED @ http://localhost:4200/:0
[18589495ms] [ERROR] Failed to load resource: net::ERR_CONNECTION_REFUSED @ http://localhost:4200/:0
[18592845ms] [ERROR] Failed to load resource: net::ERR_CONNECTION_REFUSED @ http://localhost:4200/:0
[18596202ms] [ERROR] Failed to load resource: net::ERR_CONNECTION_REFUSED @ http://localhost:4200/:0
[18599545ms] [ERROR] Failed to load resource: net::ERR_CONNECTION_REFUSED @ http://localhost:4200/:0
[18602346ms] [ERROR] Failed to load resource: net::ERR_CONNECTION_TIMED_OUT @ https://arcep-dev.picosoft.biz/referentiel/api/guide-arceps/has-guide?url=/home:0
[18602347ms] [ERROR] Failed to load resource: net::ERR_CONNECTION_TIMED_OUT @ https://arcep-dev.picosoft.biz/referentiel/api/guide-arceps/has-guide?url=/home:0
[18602347ms] [ERROR] Failed to load resource: net::ERR_CONNECTION_TIMED_OUT @ https://arcep-dev.picosoft.biz/referentiel/api/guide-arceps/has-guide?url=/home:0
[18602348ms] [ERROR] Failed to load resource: net::ERR_CONNECTION_TIMED_OUT @ https://arcep-dev.picosoft.biz/referentiel/api/guide-arceps/has-guide?url=/home:0
[18602349ms] [ERROR] Failed to load resource: net::ERR_CONNECTION_TIMED_OUT @ https://arcep-dev.picosoft.biz/referentiel/api/guide-arceps/has-guide?url=/home:0
[18602567ms] [ERROR] Failed to load resource: net::ERR_CONNECTION_TIMED_OUT @ https://arcep-dev.picosoft.biz/referentiel/api/guide-arceps/has-guide?url=/home:0
[18602893ms] [ERROR] Failed to load resource: net::ERR_CONNECTION_REFUSED @ http://localhost:4200/:0
[18606279ms] [ERROR] Failed to load resource: net::ERR_CONNECTION_REFUSED @ http://localhost:4200/:0
[18609625ms] [ERROR] Failed to load resource: net::ERR_CONNECTION_REFUSED @ http://localhost:4200/:0
[18612961ms] [ERROR] Failed to load resource: net::ERR_CONNECTION_REFUSED @ http://localhost:4200/:0
[18616308ms] [ERROR] Failed to load resource: net::ERR_CONNECTION_REFUSED @ http://localhost:4200/:0
[18619666ms] [ERROR] Failed to load resource: net::ERR_CONNECTION_REFUSED @ http://localhost:4200/:0
[18623026ms] [ERROR] Failed to load resource: net::ERR_CONNECTION_REFUSED @ http://localhost:4200/:0
[18623401ms] [ERROR] Failed to load resource: net::ERR_CONNECTION_TIMED_OUT @ https://arcep-dev.picosoft.biz/referentiel/api/guide-arceps/has-guide?url=/home:0
[18623441ms] [ERROR] Failed to load resource: net::ERR_CONNECTION_TIMED_OUT @ https://arcep-dev.picosoft.biz/mskernel/api/profile-user:0
[18623448ms] [ERROR] Failed to fetch notifications HttpErrorResponse @ http://localhost:4200/main.js:8807
[18623448ms] [ERROR] Failed to load resource: net::ERR_CONNECTION_TIMED_OUT @ https://arcep-dev.picosoft.biz/mskernel/api/notif:0
[18623448ms] [ERROR] Failed to load resource: net::ERR_CONNECTION_TIMED_OUT @ https://arcep-dev.picosoft.biz/referentiel/api/guide-arceps/has-guide?url=/home:0
[18623448ms] [ERROR] Failed to load resource: net::ERR_CONNECTION_TIMED_OUT @ https://arcep-dev.picosoft.biz/referentiel/api/guide-arceps/has-guide?url=/home:0
[18623636ms] [ERROR] Failed to load resource: net::ERR_CONNECTION_TIMED_OUT @ https://arcep-dev.picosoft.biz/referentiel/api/guide-arceps/has-guide?url=/home:0
[18626410ms] [ERROR] Failed to load resource: net::ERR_CONNECTION_REFUSED @ http://localhost:4200/:0
[18629766ms] [ERROR] Failed to load resource: net::ERR_CONNECTION_REFUSED @ http://localhost:4200/:0
[18633121ms] [ERROR] Failed to load resource: net::ERR_CONNECTION_REFUSED @ http://localhost:4200/:0
[18636489ms] [ERROR] Failed to load resource: net::ERR_CONNECTION_REFUSED @ http://localhost:4200/:0
[18639843ms] [ERROR] Failed to load resource: net::ERR_CONNECTION_REFUSED @ http://localhost:4200/:0
[18643204ms] [ERROR] Failed to load resource: net::ERR_CONNECTION_REFUSED @ http://localhost:4200/:0
[18644470ms] [ERROR] Failed to load resource: net::ERR_CONNECTION_TIMED_OUT @ https://arcep-dev.picosoft.biz/referentiel/api/guide-arceps/has-guide?url=/home:0
[18644471ms] [ERROR] Failed to load resource: net::ERR_CONNECTION_TIMED_OUT @ https://arcep-dev.picosoft.biz/referentiel/api/guide-arceps/has-guide?url=/home:0
[18644471ms] [ERROR] Failed to load resource: net::ERR_CONNECTION_TIMED_OUT @ https://arcep-dev.picosoft.biz/referentiel/api/guide-arceps/has-guide?url=/home:0
[18644472ms] [ERROR] Failed to load resource: net::ERR_CONNECTION_TIMED_OUT @ https://arcep-dev.picosoft.biz/referentiel/api/guide-arceps/has-guide?url=/home:0
[18644472ms] [ERROR] Failed to load resource: net::ERR_CONNECTION_TIMED_OUT @ https://arcep-dev.picosoft.biz/referentiel/api/guide-arceps/has-guide?url=/home:0
[18644688ms] [ERROR] Failed to load resource: net::ERR_CONNECTION_TIMED_OUT @ https://arcep-dev.picosoft.biz/referentiel/api/guide-arceps/has-guide?url=/home:0
[18646576ms] [ERROR] Failed to load resource: net::ERR_CONNECTION_REFUSED @ http://localhost:4200/:0
[18649928ms] [ERROR] Failed to load resource: net::ERR_CONNECTION_REFUSED @ http://localhost:4200/:0
[18653303ms] [ERROR] Failed to load resource: net::ERR_CONNECTION_REFUSED @ http://localhost:4200/:0
[18656642ms] [ERROR] Failed to load resource: net::ERR_CONNECTION_REFUSED @ http://localhost:4200/:0
[18660018ms] [ERROR] Failed to load resource: net::ERR_CONNECTION_REFUSED @ http://localhost:4200/:0
[18663349ms] [ERROR] Failed to load resource: net::ERR_CONNECTION_REFUSED @ http://localhost:4200/:0
[18665508ms] [ERROR] Failed to load resource: net::ERR_CONNECTION_TIMED_OUT @ https://arcep-dev.picosoft.biz/referentiel/api/guide-arceps/has-guide?url=/home:0
[18665509ms] [ERROR] Failed to load resource: net::ERR_CONNECTION_TIMED_OUT @ https://arcep-dev.picosoft.biz/referentiel/api/guide-arceps/has-guide?url=/home:0
[18665526ms] [ERROR] Failed to load resource: net::ERR_CONNECTION_TIMED_OUT @ https://arcep-dev.picosoft.biz/referentiel/api/guide-arceps/has-guide?url=/home:0
[18665527ms] [ERROR] Failed to load resource: net::ERR_CONNECTION_TIMED_OUT @ https://arcep-dev.picosoft.biz/referentiel/api/guide-arceps/has-guide?url=/home:0
[18665527ms] [ERROR] Failed to load resource: net::ERR_CONNECTION_TIMED_OUT @ https://arcep-dev.picosoft.biz/referentiel/api/guide-arceps/has-guide?url=/home:0
[18665743ms] [ERROR] Failed to load resource: net::ERR_CONNECTION_TIMED_OUT @ https://arcep-dev.picosoft.biz/referentiel/api/guide-arceps/has-guide?url=/home:0
[18666700ms] [ERROR] Failed to load resource: net::ERR_CONNECTION_REFUSED @ http://localhost:4200/:0
[18670068ms] [ERROR] Failed to load resource: net::ERR_CONNECTION_REFUSED @ http://localhost:4200/:0
[18673445ms] [ERROR] Failed to load resource: net::ERR_CONNECTION_REFUSED @ http://localhost:4200/:0
[18676800ms] [ERROR] Failed to load resource: net::ERR_CONNECTION_REFUSED @ http://localhost:4200/:0
[18680175ms] [ERROR] Failed to load resource: net::ERR_CONNECTION_REFUSED @ http://localhost:4200/:0
[18683501ms] [ERROR] Failed to load resource: net::ERR_CONNECTION_REFUSED @ http://localhost:4200/:0
[18686539ms] [ERROR] Failed to load resource: net::ERR_CONNECTION_TIMED_OUT @ https://arcep-dev.picosoft.biz/referentiel/api/guide-arceps/has-guide?url=/home:0
[18686539ms] [ERROR] Failed to load resource: net::ERR_CONNECTION_TIMED_OUT @ https://arcep-dev.picosoft.biz/referentiel/api/guide-arceps/has-guide?url=/home:0
[18686539ms] [ERROR] Failed to load resource: net::ERR_CONNECTION_TIMED_OUT @ https://arcep-dev.picosoft.biz/referentiel/api/guide-arceps/has-guide?url=/home:0
[18686539ms] [ERROR] Failed to load resource: net::ERR_CONNECTION_TIMED_OUT @ https://arcep-dev.picosoft.biz/referentiel/api/guide-arceps/has-guide?url=/home:0
[18686539ms] [ERROR] Failed to load resource: net::ERR_CONNECTION_TIMED_OUT @ https://arcep-dev.picosoft.biz/referentiel/api/guide-arceps/has-guide?url=/home:0
[18686810ms] [ERROR] Failed to load resource: net::ERR_CONNECTION_TIMED_OUT @ https://arcep-dev.picosoft.biz/mskernel/api/profile-user:0
[18686848ms] [ERROR] Failed to load resource: net::ERR_CONNECTION_REFUSED @ http://localhost:4200/:0
[18690197ms] [ERROR] Failed to load resource: net::ERR_CONNECTION_REFUSED @ http://localhost:4200/:0
[18693561ms] [ERROR] Failed to load resource: net::ERR_CONNECTION_REFUSED @ http://localhost:4200/:0
[18696916ms] [ERROR] Failed to load resource: net::ERR_CONNECTION_REFUSED @ http://localhost:4200/:0
[18700268ms] [ERROR] Failed to load resource: net::ERR_CONNECTION_REFUSED @ http://localhost:4200/:0
[18703625ms] [ERROR] Failed to load resource: net::ERR_CONNECTION_REFUSED @ http://localhost:4200/:0
[18706990ms] [ERROR] Failed to load resource: net::ERR_CONNECTION_REFUSED @ http://localhost:4200/:0
[18707583ms] [ERROR] Failed to fetch notifications HttpErrorResponse @ http://localhost:4200/main.js:8807
[18707584ms] [ERROR] Failed to load resource: net::ERR_CONNECTION_TIMED_OUT @ https://arcep-dev.picosoft.biz/mskernel/api/notif:0
[18707584ms] [ERROR] Failed to load resource: net::ERR_CONNECTION_TIMED_OUT @ https://arcep-dev.picosoft.biz/referentiel/api/guide-arceps/has-guide?url=/home:0
[18707584ms] [ERROR] Failed to load resource: net::ERR_CONNECTION_TIMED_OUT @ https://arcep-dev.picosoft.biz/referentiel/api/guide-arceps/has-guide?url=/home:0
[18707584ms] [ERROR] Failed to load resource: net::ERR_CONNECTION_TIMED_OUT @ https://arcep-dev.picosoft.biz/referentiel/api/guide-arceps/has-guide?url=/home:0
[18707584ms] [ERROR] Failed to load resource: net::ERR_CONNECTION_TIMED_OUT @ https://arcep-dev.picosoft.biz/referentiel/api/guide-arceps/has-guide?url=/home:0
[18707801ms] [ERROR] Failed to load resource: net::ERR_CONNECTION_TIMED_OUT @ https://arcep-dev.picosoft.biz/referentiel/api/guide-arceps/has-guide?url=/home:0
[18710367ms] [ERROR] Failed to load resource: net::ERR_CONNECTION_REFUSED @ http://localhost:4200/:0
[18713749ms] [ERROR] Failed to load resource: net::ERR_CONNECTION_REFUSED @ http://localhost:4200/:0
[18717127ms] [ERROR] Failed to load resource: net::ERR_CONNECTION_REFUSED @ http://localhost:4200/:0
[18720454ms] [ERROR] Failed to load resource: net::ERR_CONNECTION_REFUSED @ http://localhost:4200/:0
[18723795ms] [ERROR] Failed to load resource: net::ERR_CONNECTION_REFUSED @ http://localhost:4200/:0
[18727153ms] [ERROR] Failed to load resource: net::ERR_CONNECTION_REFUSED @ http://localhost:4200/:0
[18728620ms] [ERROR] Failed to load resource: net::ERR_CONNECTION_TIMED_OUT @ https://arcep-dev.picosoft.biz/referentiel/api/guide-arceps/has-guide?url=/home:0
[18728621ms] [ERROR] Failed to load resource: net::ERR_CONNECTION_TIMED_OUT @ https://arcep-dev.picosoft.biz/referentiel/api/guide-arceps/has-guide?url=/home:0
[18728621ms] [ERROR] Failed to load resource: net::ERR_CONNECTION_TIMED_OUT @ https://arcep-dev.picosoft.biz/referentiel/api/guide-arceps/has-guide?url=/home:0
[18728621ms] [ERROR] Failed to load resource: net::ERR_CONNECTION_TIMED_OUT @ https://arcep-dev.picosoft.biz/referentiel/api/guide-arceps/has-guide?url=/home:0
[18728621ms] [ERROR] Failed to load resource: net::ERR_CONNECTION_TIMED_OUT @ https://arcep-dev.picosoft.biz/referentiel/api/guide-arceps/has-guide?url=/home:0
[18728843ms] [ERROR] Failed to load resource: net::ERR_CONNECTION_TIMED_OUT @ https://arcep-dev.picosoft.biz/referentiel/api/guide-arceps/has-guide?url=/home:0
[18730536ms] [ERROR] Failed to load resource: net::ERR_CONNECTION_REFUSED @ http://localhost:4200/:0
[18733900ms] [ERROR] Failed to load resource: net::ERR_CONNECTION_REFUSED @ http://localhost:4200/:0
[18737286ms] [ERROR] Failed to load resource: net::ERR_CONNECTION_REFUSED @ http://localhost:4200/:0
[18740629ms] [ERROR] Failed to load resource: net::ERR_CONNECTION_REFUSED @ http://localhost:4200/:0
[18744006ms] [ERROR] Failed to load resource: net::ERR_CONNECTION_REFUSED @ http://localhost:4200/:0
[18747371ms] [ERROR] Failed to load resource: net::ERR_CONNECTION_REFUSED @ http://localhost:4200/:0
[18749651ms] [ERROR] Failed to load resource: net::ERR_CONNECTION_TIMED_OUT @ https://arcep-dev.picosoft.biz/referentiel/api/guide-arceps/has-guide?url=/home:0
[18749669ms] [ERROR] Failed to load resource: net::ERR_CONNECTION_TIMED_OUT @ https://arcep-dev.picosoft.biz/referentiel/api/guide-arceps/has-guide?url=/home:0
[18749670ms] [ERROR] Failed to load resource: net::ERR_CONNECTION_TIMED_OUT @ https://arcep-dev.picosoft.biz/referentiel/api/guide-arceps/has-guide?url=/home:0
[18749670ms] [ERROR] Failed to load resource: net::ERR_CONNECTION_TIMED_OUT @ https://arcep-dev.picosoft.biz/referentiel/api/guide-arceps/has-guide?url=/home:0
[18749671ms] [ERROR] Failed to load resource: net::ERR_CONNECTION_TIMED_OUT @ https://arcep-dev.picosoft.biz/referentiel/api/guide-arceps/has-guide?url=/home:0
[18749889ms] [ERROR] Failed to load resource: net::ERR_CONNECTION_TIMED_OUT @ https://arcep-dev.picosoft.biz/referentiel/api/guide-arceps/has-guide?url=/home:0
[18750718ms] [ERROR] Failed to load resource: net::ERR_CONNECTION_REFUSED @ http://localhost:4200/:0
[18754078ms] [ERROR] Failed to load resource: net::ERR_CONNECTION_REFUSED @ http://localhost:4200/:0
[18757439ms] [ERROR] Failed to load resource: net::ERR_CONNECTION_REFUSED @ http://localhost:4200/:0
[18760798ms] [ERROR] Failed to load resource: net::ERR_CONNECTION_REFUSED @ http://localhost:4200/:0
[18764159ms] [ERROR] Failed to load resource: net::ERR_CONNECTION_REFUSED @ http://localhost:4200/:0
[18767527ms] [ERROR] Failed to load resource: net::ERR_CONNECTION_REFUSED @ http://localhost:4200/:0
[18770684ms] [ERROR] Failed to load resource: net::ERR_CONNECTION_TIMED_OUT @ https://arcep-dev.picosoft.biz/referentiel/api/guide-arceps/has-guide?url=/home:0
[18770716ms] [ERROR] Failed to load resource: net::ERR_CONNECTION_TIMED_OUT @ https://arcep-dev.picosoft.biz/referentiel/api/guide-arceps/has-guide?url=/home:0
[18770716ms] [ERROR] Failed to load resource: net::ERR_CONNECTION_TIMED_OUT @ https://arcep-dev.picosoft.biz/referentiel/api/guide-arceps/has-guide?url=/home:0
[18770717ms] [ERROR] Failed to load resource: net::ERR_CONNECTION_TIMED_OUT @ https://arcep-dev.picosoft.biz/referentiel/api/guide-arceps/has-guide?url=/home:0
[18770773ms] [ERROR] Failed to load resource: net::ERR_CONNECTION_TIMED_OUT @ https://arcep-dev.picosoft.biz/mskernel/api/profile-user:0
[18770904ms] [ERROR] Failed to load resource: net::ERR_CONNECTION_REFUSED @ http://localhost:4200/:0
[18770922ms] [ERROR] Failed to fetch notifications HttpErrorResponse @ http://localhost:4200/main.js:8807
[18770923ms] [ERROR] Failed to load resource: net::ERR_CONNECTION_TIMED_OUT @ https://arcep-dev.picosoft.biz/mskernel/api/notif:0
[18774250ms] [ERROR] Failed to load resource: net::ERR_CONNECTION_REFUSED @ http://localhost:4200/:0
[18777601ms] [ERROR] Failed to load resource: net::ERR_CONNECTION_REFUSED @ http://localhost:4200/:0
[18780966ms] [ERROR] Failed to load resource: net::ERR_CONNECTION_REFUSED @ http://localhost:4200/:0
[18784331ms] [ERROR] Failed to load resource: net::ERR_CONNECTION_REFUSED @ http://localhost:4200/:0
[18787652ms] [ERROR] Failed to load resource: net::ERR_CONNECTION_REFUSED @ http://localhost:4200/:0
[18791036ms] [ERROR] Failed to load resource: net::ERR_CONNECTION_REFUSED @ http://localhost:4200/:0
[18791728ms] [ERROR] Failed to load resource: net::ERR_CONNECTION_TIMED_OUT @ https://arcep-dev.picosoft.biz/referentiel/api/guide-arceps/has-guide?url=/home:0
[18791760ms] [ERROR] Failed to load resource: net::ERR_CONNECTION_TIMED_OUT @ https://arcep-dev.picosoft.biz/referentiel/api/guide-arceps/has-guide?url=/home:0
[18791760ms] [ERROR] Failed to load resource: net::ERR_CONNECTION_TIMED_OUT @ https://arcep-dev.picosoft.biz/referentiel/api/guide-arceps/has-guide?url=/home:0
[18791762ms] [ERROR] Failed to load resource: net::ERR_CONNECTION_TIMED_OUT @ https://arcep-dev.picosoft.biz/referentiel/api/guide-arceps/has-guide?url=/home:0
[18791762ms] [ERROR] Failed to load resource: net::ERR_CONNECTION_TIMED_OUT @ https://arcep-dev.picosoft.biz/referentiel/api/guide-arceps/has-guide?url=/home:0
[18791974ms] [ERROR] Failed to load resource: net::ERR_CONNECTION_TIMED_OUT @ https://arcep-dev.picosoft.biz/referentiel/api/guide-arceps/has-guide?url=/home:0
[18794367ms] [ERROR] Failed to load resource: net::ERR_CONNECTION_REFUSED @ http://localhost:4200/:0
[18797711ms] [ERROR] Failed to load resource: net::ERR_CONNECTION_REFUSED @ http://localhost:4200/:0
[18801090ms] [ERROR] Failed to load resource: net::ERR_CONNECTION_REFUSED @ http://localhost:4200/:0
[18804471ms] [ERROR] Failed to load resource: net::ERR_CONNECTION_REFUSED @ http://localhost:4200/:0
[18807827ms] [ERROR] Failed to load resource: net::ERR_CONNECTION_REFUSED @ http://localhost:4200/:0
[18811199ms] [ERROR] Failed to load resource: net::ERR_CONNECTION_REFUSED @ http://localhost:4200/:0
[18812753ms] [ERROR] Failed to load resource: net::ERR_CONNECTION_TIMED_OUT @ https://arcep-dev.picosoft.biz/referentiel/api/guide-arceps/has-guide?url=/home:0
[18812787ms] [ERROR] Failed to load resource: net::ERR_CONNECTION_TIMED_OUT @ https://arcep-dev.picosoft.biz/referentiel/api/guide-arceps/has-guide?url=/home:0
[18812793ms] [ERROR] Failed to load resource: net::ERR_CONNECTION_TIMED_OUT @ https://arcep-dev.picosoft.biz/referentiel/api/guide-arceps/has-guide?url=/home:0
[18812794ms] [ERROR] Failed to load resource: net::ERR_CONNECTION_TIMED_OUT @ https://arcep-dev.picosoft.biz/referentiel/api/guide-arceps/has-guide?url=/home:0
[18812795ms] [ERROR] Failed to load resource: net::ERR_CONNECTION_TIMED_OUT @ https://arcep-dev.picosoft.biz/referentiel/api/guide-arceps/has-guide?url=/home:0
[18812990ms] [ERROR] Failed to load resource: net::ERR_CONNECTION_TIMED_OUT @ https://arcep-dev.picosoft.biz/referentiel/api/guide-arceps/has-guide?url=/home:0
[18814528ms] [ERROR] Failed to load resource: net::ERR_CONNECTION_REFUSED @ http://localhost:4200/:0
[18817884ms] [ERROR] Failed to load resource: net::ERR_CONNECTION_REFUSED @ http://localhost:4200/:0
[18821218ms] [ERROR] Failed to load resource: net::ERR_CONNECTION_REFUSED @ http://localhost:4200/:0
[18824604ms] [ERROR] Failed to load resource: net::ERR_CONNECTION_REFUSED @ http://localhost:4200/:0
[18827984ms] [ERROR] Failed to load resource: net::ERR_CONNECTION_REFUSED @ http://localhost:4200/:0
[18831337ms] [ERROR] Failed to load resource: net::ERR_CONNECTION_REFUSED @ http://localhost:4200/:0
[18833780ms] [ERROR] Failed to load resource: net::ERR_CONNECTION_TIMED_OUT @ https://arcep-dev.picosoft.biz/referentiel/api/guide-arceps/has-guide?url=/home:0
[18833828ms] [ERROR] Failed to load resource: net::ERR_CONNECTION_TIMED_OUT @ https://arcep-dev.picosoft.biz/referentiel/api/guide-arceps/has-guide?url=/home:0
[18833829ms] [ERROR] Failed to load resource: net::ERR_CONNECTION_TIMED_OUT @ https://arcep-dev.picosoft.biz/referentiel/api/guide-arceps/has-guide?url=/home:0
[18833830ms] [ERROR] Failed to load resource: net::ERR_CONNECTION_TIMED_OUT @ https://arcep-dev.picosoft.biz/referentiel/api/guide-arceps/has-guide?url=/home:0
[18833830ms] [ERROR] Failed to load resource: net::ERR_CONNECTION_TIMED_OUT @ https://arcep-dev.picosoft.biz/referentiel/api/guide-arceps/has-guide?url=/home:0
[18834029ms] [ERROR] Failed to load resource: net::ERR_CONNECTION_TIMED_OUT @ https://arcep-dev.picosoft.biz/referentiel/api/guide-arceps/has-guide?url=/home:0
[18834690ms] [ERROR] Failed to load resource: net::ERR_CONNECTION_REFUSED @ http://localhost:4200/:0
[18838040ms] [ERROR] Failed to load resource: net::ERR_CONNECTION_REFUSED @ http://localhost:4200/:0
[18841403ms] [ERROR] Failed to load resource: net::ERR_CONNECTION_REFUSED @ http://localhost:4200/:0
[18844764ms] [ERROR] Failed to load resource: net::ERR_CONNECTION_REFUSED @ http://localhost:4200/:0
[18848104ms] [ERROR] Failed to load resource: net::ERR_CONNECTION_REFUSED @ http://localhost:4200/:0
[18851458ms] [ERROR] Failed to load resource: net::ERR_CONNECTION_REFUSED @ http://localhost:4200/:0
[18854815ms] [ERROR] Failed to load resource: net::ERR_CONNECTION_REFUSED @ http://localhost:4200/:0
[18854815ms] [ERROR] Failed to load resource: net::ERR_CONNECTION_TIMED_OUT @ https://arcep-dev.picosoft.biz/referentiel/api/guide-arceps/has-guide?url=/home:0
[18854861ms] [ERROR] Failed to load resource: net::ERR_CONNECTION_TIMED_OUT @ https://arcep-dev.picosoft.biz/referentiel/api/guide-arceps/has-guide?url=/home:0
[18854861ms] [ERROR] Failed to load resource: net::ERR_CONNECTION_TIMED_OUT @ https://arcep-dev.picosoft.biz/referentiel/api/guide-arceps/has-guide?url=/home:0
[18854861ms] [ERROR] Failed to load resource: net::ERR_CONNECTION_TIMED_OUT @ https://arcep-dev.picosoft.biz/referentiel/api/guide-arceps/has-guide?url=/home:0
[18854912ms] [ERROR] Failed to load resource: net::ERR_CONNECTION_TIMED_OUT @ https://arcep-dev.picosoft.biz/mskernel/api/profile-user:0
[18855081ms] [ERROR] Failed to fetch notifications HttpErrorResponse @ http://localhost:4200/main.js:8807
[18855082ms] [ERROR] Failed to load resource: net::ERR_CONNECTION_TIMED_OUT @ https://arcep-dev.picosoft.biz/mskernel/api/notif:0
[18858157ms] [ERROR] Failed to load resource: net::ERR_CONNECTION_REFUSED @ http://localhost:4200/:0
[18861541ms] [ERROR] Failed to load resource: net::ERR_CONNECTION_REFUSED @ http://localhost:4200/:0
[18864932ms] [ERROR] Failed to load resource: net::ERR_CONNECTION_REFUSED @ http://localhost:4200/:0
[18868301ms] [ERROR] Failed to load resource: net::ERR_CONNECTION_REFUSED @ http://localhost:4200/:0
[18871649ms] [ERROR] Failed to load resource: net::ERR_CONNECTION_REFUSED @ http://localhost:4200/:0
[18875014ms] [ERROR] Failed to load resource: net::ERR_CONNECTION_REFUSED @ http://localhost:4200/:0
[18875852ms] [ERROR] Failed to load resource: net::ERR_CONNECTION_TIMED_OUT @ https://arcep-dev.picosoft.biz/referentiel/api/guide-arceps/has-guide?url=/home:0
[18875902ms] [ERROR] Failed to load resource: net::ERR_CONNECTION_TIMED_OUT @ https://arcep-dev.picosoft.biz/referentiel/api/guide-arceps/has-guide?url=/home:0
[18875902ms] [ERROR] Failed to load resource: net::ERR_CONNECTION_TIMED_OUT @ https://arcep-dev.picosoft.biz/referentiel/api/guide-arceps/has-guide?url=/home:0
[18875902ms] [ERROR] Failed to load resource: net::ERR_CONNECTION_TIMED_OUT @ https://arcep-dev.picosoft.biz/referentiel/api/guide-arceps/has-guide?url=/home:0
[18875902ms] [ERROR] Failed to load resource: net::ERR_CONNECTION_TIMED_OUT @ https://arcep-dev.picosoft.biz/referentiel/api/guide-arceps/has-guide?url=/home:0
[18876117ms] [ERROR] Failed to load resource: net::ERR_CONNECTION_TIMED_OUT @ https://arcep-dev.picosoft.biz/referentiel/api/guide-arceps/has-guide?url=/home:0
[18878387ms] [ERROR] Failed to load resource: net::ERR_CONNECTION_REFUSED @ http://localhost:4200/:0
[18881765ms] [ERROR] Failed to load resource: net::ERR_CONNECTION_REFUSED @ http://localhost:4200/:0
[18885135ms] [ERROR] Failed to load resource: net::ERR_CONNECTION_REFUSED @ http://localhost:4200/:0
[18888496ms] [ERROR] Failed to load resource: net::ERR_CONNECTION_REFUSED @ http://localhost:4200/:0
[18891847ms] [ERROR] Failed to load resource: net::ERR_CONNECTION_REFUSED @ http://localhost:4200/:0
[18895212ms] [ERROR] Failed to load resource: net::ERR_CONNECTION_REFUSED @ http://localhost:4200/:0
[18896913ms] [ERROR] Failed to load resource: net::ERR_CONNECTION_TIMED_OUT @ https://arcep-dev.picosoft.biz/referentiel/api/guide-arceps/has-guide?url=/home:0
[18896961ms] [ERROR] Failed to load resource: net::ERR_CONNECTION_TIMED_OUT @ https://arcep-dev.picosoft.biz/referentiel/api/guide-arceps/has-guide?url=/home:0
[18896962ms] [ERROR] Failed to load resource: net::ERR_CONNECTION_TIMED_OUT @ https://arcep-dev.picosoft.biz/referentiel/api/guide-arceps/has-guide?url=/home:0
[18896962ms] [ERROR] Failed to load resource: net::ERR_CONNECTION_TIMED_OUT @ https://arcep-dev.picosoft.biz/referentiel/api/guide-arceps/has-guide?url=/home:0
[18896963ms] [ERROR] Failed to load resource: net::ERR_CONNECTION_TIMED_OUT @ https://arcep-dev.picosoft.biz/referentiel/api/guide-arceps/has-guide?url=/home:0
[18897178ms] [ERROR] Failed to load resource: net::ERR_CONNECTION_TIMED_OUT @ https://arcep-dev.picosoft.biz/referentiel/api/guide-arceps/has-guide?url=/home:0
[18898562ms] [ERROR] Failed to load resource: net::ERR_CONNECTION_REFUSED @ http://localhost:4200/:0
[18901949ms] [ERROR] Failed to load resource: net::ERR_CONNECTION_REFUSED @ http://localhost:4200/:0
[18905330ms] [ERROR] Failed to load resource: net::ERR_CONNECTION_REFUSED @ http://localhost:4200/:0
[18908680ms] [ERROR] Failed to load resource: net::ERR_CONNECTION_REFUSED @ http://localhost:4200/:0
[18912029ms] [ERROR] Failed to load resource: net::ERR_CONNECTION_REFUSED @ http://localhost:4200/:0
[18915398ms] [ERROR] Failed to load resource: net::ERR_CONNECTION_REFUSED @ http://localhost:4200/:0
[18917946ms] [ERROR] Failed to load resource: net::ERR_CONNECTION_TIMED_OUT @ https://arcep-dev.picosoft.biz/referentiel/api/guide-arceps/has-guide?url=/home:0
[18917993ms] [ERROR] Failed to load resource: net::ERR_CONNECTION_TIMED_OUT @ https://arcep-dev.picosoft.biz/referentiel/api/guide-arceps/has-guide?url=/home:0
[18917994ms] [ERROR] Failed to load resource: net::ERR_CONNECTION_TIMED_OUT @ https://arcep-dev.picosoft.biz/referentiel/api/guide-arceps/has-guide?url=/home:0
[18917994ms] [ERROR] Failed to load resource: net::ERR_CONNECTION_TIMED_OUT @ https://arcep-dev.picosoft.biz/referentiel/api/guide-arceps/has-guide?url=/home:0
[18917994ms] [ERROR] Failed to load resource: net::ERR_CONNECTION_TIMED_OUT @ https://arcep-dev.picosoft.biz/referentiel/api/guide-arceps/has-guide?url=/home:0
[18918212ms] [ERROR] Failed to load resource: net::ERR_CONNECTION_TIMED_OUT @ https://arcep-dev.picosoft.biz/referentiel/api/guide-arceps/has-guide?url=/home:0
[18918765ms] [ERROR] Failed to load resource: net::ERR_CONNECTION_REFUSED @ http://localhost:4200/:0
[18922128ms] [ERROR] Failed to load resource: net::ERR_CONNECTION_REFUSED @ http://localhost:4200/:0
[18925493ms] [ERROR] Failed to load resource: net::ERR_CONNECTION_REFUSED @ http://localhost:4200/:0
[18928840ms] [ERROR] Failed to load resource: net::ERR_CONNECTION_REFUSED @ http://localhost:4200/:0
[18932215ms] [ERROR] Failed to load resource: net::ERR_CONNECTION_REFUSED @ http://localhost:4200/:0
[18935584ms] [ERROR] Failed to load resource: net::ERR_CONNECTION_REFUSED @ http://localhost:4200/:0
[18938953ms] [ERROR] Failed to load resource: net::ERR_CONNECTION_REFUSED @ http://localhost:4200/:0
[18939000ms] [ERROR] Failed to load resource: net::ERR_CONNECTION_TIMED_OUT @ https://arcep-dev.picosoft.biz/referentiel/api/guide-arceps/has-guide?url=/home:0
[18939050ms] [ERROR] Failed to load resource: net::ERR_CONNECTION_TIMED_OUT @ https://arcep-dev.picosoft.biz/referentiel/api/guide-arceps/has-guide?url=/home:0
[18939051ms] [ERROR] Failed to load resource: net::ERR_CONNECTION_TIMED_OUT @ https://arcep-dev.picosoft.biz/referentiel/api/guide-arceps/has-guide?url=/home:0
[18939057ms] [ERROR] Failed to load resource: net::ERR_CONNECTION_TIMED_OUT @ https://arcep-dev.picosoft.biz/referentiel/api/guide-arceps/has-guide?url=/home:0
[18939059ms] [ERROR] Failed to load resource: net::ERR_CONNECTION_TIMED_OUT @ https://arcep-dev.picosoft.biz/referentiel/api/guide-arceps/has-guide?url=/home:0
[18939300ms] [ERROR] Failed to load resource: net::ERR_CONNECTION_TIMED_OUT @ https://arcep-dev.picosoft.biz/mskernel/api/profile-user:0
[18942313ms] [ERROR] Failed to load resource: net::ERR_CONNECTION_REFUSED @ http://localhost:4200/:0
[18945684ms] [ERROR] Failed to load resource: net::ERR_CONNECTION_REFUSED @ http://localhost:4200/:0
[18949054ms] [ERROR] Failed to load resource: net::ERR_CONNECTION_REFUSED @ http://localhost:4200/:0
[18952407ms] [ERROR] Failed to load resource: net::ERR_CONNECTION_REFUSED @ http://localhost:4200/:0
[18955772ms] [ERROR] Failed to load resource: net::ERR_CONNECTION_REFUSED @ http://localhost:4200/:0
[18959125ms] [ERROR] Failed to load resource: net::ERR_CONNECTION_REFUSED @ http://localhost:4200/:0
[18960047ms] [ERROR] Failed to fetch notifications HttpErrorResponse @ http://localhost:4200/main.js:8807
[18960049ms] [ERROR] Failed to load resource: net::ERR_CONNECTION_TIMED_OUT @ https://arcep-dev.picosoft.biz/mskernel/api/notif:0
[18960095ms] [ERROR] Failed to load resource: net::ERR_CONNECTION_TIMED_OUT @ https://arcep-dev.picosoft.biz/referentiel/api/guide-arceps/has-guide?url=/home:0
[18960097ms] [ERROR] Failed to load resource: net::ERR_CONNECTION_TIMED_OUT @ https://arcep-dev.picosoft.biz/referentiel/api/guide-arceps/has-guide?url=/home:0
[18960098ms] [ERROR] Failed to load resource: net::ERR_CONNECTION_TIMED_OUT @ https://arcep-dev.picosoft.biz/referentiel/api/guide-arceps/has-guide?url=/home:0
[18960099ms] [ERROR] Failed to load resource: net::ERR_CONNECTION_TIMED_OUT @ https://arcep-dev.picosoft.biz/referentiel/api/guide-arceps/has-guide?url=/home:0
[18960300ms] [ERROR] Failed to load resource: net::ERR_CONNECTION_TIMED_OUT @ https://arcep-dev.picosoft.biz/referentiel/api/guide-arceps/has-guide?url=/home:0
[18962497ms] [ERROR] Failed to load resource: net::ERR_CONNECTION_REFUSED @ http://localhost:4200/:0
[18965858ms] [ERROR] Failed to load resource: net::ERR_CONNECTION_REFUSED @ http://localhost:4200/:0
[18969229ms] [ERROR] Failed to load resource: net::ERR_CONNECTION_REFUSED @ http://localhost:4200/:0
[18972584ms] [ERROR] Failed to load resource: net::ERR_CONNECTION_REFUSED @ http://localhost:4200/:0
[18975956ms] [ERROR] Failed to load resource: net::ERR_CONNECTION_REFUSED @ http://localhost:4200/:0
[18979310ms] [ERROR] Failed to load resource: net::ERR_CONNECTION_REFUSED @ http://localhost:4200/:0
[18981095ms] [ERROR] Failed to load resource: net::ERR_CONNECTION_TIMED_OUT @ https://arcep-dev.picosoft.biz/referentiel/api/guide-arceps/has-guide?url=/home:0
[18981143ms] [ERROR] Failed to load resource: net::ERR_CONNECTION_TIMED_OUT @ https://arcep-dev.picosoft.biz/referentiel/api/guide-arceps/has-guide?url=/home:0
[18981144ms] [ERROR] Failed to load resource: net::ERR_CONNECTION_TIMED_OUT @ https://arcep-dev.picosoft.biz/referentiel/api/guide-arceps/has-guide?url=/home:0
[18981144ms] [ERROR] Failed to load resource: net::ERR_CONNECTION_TIMED_OUT @ https://arcep-dev.picosoft.biz/referentiel/api/guide-arceps/has-guide?url=/home:0
[18981144ms] [ERROR] Failed to load resource: net::ERR_CONNECTION_TIMED_OUT @ https://arcep-dev.picosoft.biz/referentiel/api/guide-arceps/has-guide?url=/home:0
[18981344ms] [ERROR] Failed to load resource: net::ERR_CONNECTION_TIMED_OUT @ https://arcep-dev.picosoft.biz/referentiel/api/guide-arceps/has-guide?url=/home:0
[18982672ms] [ERROR] Failed to load resource: net::ERR_CONNECTION_REFUSED @ http://localhost:4200/:0
[18986056ms] [ERROR] Failed to load resource: net::ERR_CONNECTION_REFUSED @ http://localhost:4200/:0
[18989427ms] [ERROR] Failed to load resource: net::ERR_CONNECTION_REFUSED @ http://localhost:4200/:0
[18992804ms] [ERROR] Failed to load resource: net::ERR_CONNECTION_REFUSED @ http://localhost:4200/:0
[18996148ms] [ERROR] Failed to load resource: net::ERR_CONNECTION_REFUSED @ http://localhost:4200/:0
[18999488ms] [ERROR] Failed to load resource: net::ERR_CONNECTION_REFUSED @ http://localhost:4200/:0
[19002141ms] [ERROR] Failed to load resource: net::ERR_CONNECTION_TIMED_OUT @ https://arcep-dev.picosoft.biz/referentiel/api/guide-arceps/has-guide?url=/home:0
[19002195ms] [ERROR] Failed to load resource: net::ERR_CONNECTION_TIMED_OUT @ https://arcep-dev.picosoft.biz/referentiel/api/guide-arceps/has-guide?url=/home:0
[19002195ms] [ERROR] Failed to load resource: net::ERR_CONNECTION_TIMED_OUT @ https://arcep-dev.picosoft.biz/referentiel/api/guide-arceps/has-guide?url=/home:0
[19002195ms] [ERROR] Failed to load resource: net::ERR_CONNECTION_TIMED_OUT @ https://arcep-dev.picosoft.biz/referentiel/api/guide-arceps/has-guide?url=/home:0
[19002195ms] [ERROR] Failed to load resource: net::ERR_CONNECTION_TIMED_OUT @ https://arcep-dev.picosoft.biz/referentiel/api/guide-arceps/has-guide?url=/home:0
[19002369ms] [ERROR] Failed to load resource: net::ERR_CONNECTION_TIMED_OUT @ https://arcep-dev.picosoft.biz/referentiel/api/guide-arceps/has-guide?url=/home:0
[19002836ms] [ERROR] Failed to load resource: net::ERR_CONNECTION_REFUSED @ http://localhost:4200/:0
[19006180ms] [ERROR] Failed to load resource: net::ERR_CONNECTION_REFUSED @ http://localhost:4200/:0
[19009514ms] [ERROR] Failed to load resource: net::ERR_CONNECTION_REFUSED @ http://localhost:4200/:0
[19012888ms] [ERROR] Failed to load resource: net::ERR_CONNECTION_REFUSED @ http://localhost:4200/:0
[19016245ms] [ERROR] Failed to load resource: net::ERR_CONNECTION_REFUSED @ http://localhost:4200/:0
[19019583ms] [ERROR] Failed to load resource: net::ERR_CONNECTION_REFUSED @ http://localhost:4200/:0
[19022952ms] [ERROR] Failed to load resource: net::ERR_CONNECTION_REFUSED @ http://localhost:4200/:0
[19023156ms] [ERROR] Failed to load resource: net::ERR_CONNECTION_TIMED_OUT @ https://arcep-dev.picosoft.biz/referentiel/api/guide-arceps/has-guide?url=/home:0
[19023221ms] [ERROR] Failed to load resource: net::ERR_CONNECTION_TIMED_OUT @ https://arcep-dev.picosoft.biz/referentiel/api/guide-arceps/has-guide?url=/home:0
[19023223ms] [ERROR] Failed to load resource: net::ERR_CONNECTION_TIMED_OUT @ https://arcep-dev.picosoft.biz/referentiel/api/guide-arceps/has-guide?url=/home:0
[19023227ms] [ERROR] Failed to load resource: net::ERR_CONNECTION_TIMED_OUT @ https://arcep-dev.picosoft.biz/referentiel/api/guide-arceps/has-guide?url=/home:0
[19023228ms] [ERROR] Failed to load resource: net::ERR_CONNECTION_TIMED_OUT @ https://arcep-dev.picosoft.biz/referentiel/api/guide-arceps/has-guide?url=/home:0
[19023402ms] [ERROR] Failed to load resource: net::ERR_CONNECTION_TIMED_OUT @ https://arcep-dev.picosoft.biz/referentiel/api/guide-arceps/has-guide?url=/home:0
[19026315ms] [ERROR] Failed to load resource: net::ERR_CONNECTION_REFUSED @ http://localhost:4200/:0
[19029716ms] [ERROR] Failed to load resource: net::ERR_CONNECTION_REFUSED @ http://localhost:4200/:0
[19033052ms] [ERROR] Failed to load resource: net::ERR_CONNECTION_REFUSED @ http://localhost:4200/:0
[19036423ms] [ERROR] Failed to load resource: net::ERR_CONNECTION_REFUSED @ http://localhost:4200/:0
[19039775ms] [ERROR] Failed to load resource: net::ERR_CONNECTION_REFUSED @ http://localhost:4200/:0
[19043149ms] [ERROR] Failed to load resource: net::ERR_CONNECTION_REFUSED @ http://localhost:4200/:0
[19044186ms] [ERROR] Failed to load resource: net::ERR_CONNECTION_TIMED_OUT @ https://arcep-dev.picosoft.biz/referentiel/api/guide-arceps/has-guide?url=/home:0
[19044313ms] [ERROR] Failed to load resource: net::ERR_CONNECTION_TIMED_OUT @ https://arcep-dev.picosoft.biz/mskernel/api/profile-user:0
[19044351ms] [ERROR] Failed to fetch notifications HttpErrorResponse @ http://localhost:4200/main.js:8807
[19044351ms] [ERROR] Failed to load resource: net::ERR_CONNECTION_TIMED_OUT @ https://arcep-dev.picosoft.biz/mskernel/api/notif:0
[19044352ms] [ERROR] Failed to load resource: net::ERR_CONNECTION_TIMED_OUT @ https://arcep-dev.picosoft.biz/referentiel/api/guide-arceps/has-guide?url=/home:0
[19044353ms] [ERROR] Failed to load resource: net::ERR_CONNECTION_TIMED_OUT @ https://arcep-dev.picosoft.biz/referentiel/api/guide-arceps/has-guide?url=/home:0
[19044433ms] [ERROR] Failed to load resource: net::ERR_CONNECTION_TIMED_OUT @ https://arcep-dev.picosoft.biz/referentiel/api/guide-arceps/has-guide?url=/home:0
[19046490ms] [ERROR] Failed to load resource: net::ERR_CONNECTION_REFUSED @ http://localhost:4200/:0
[19049865ms] [ERROR] Failed to load resource: net::ERR_CONNECTION_REFUSED @ http://localhost:4200/:0
[19053213ms] [ERROR] Failed to load resource: net::ERR_CONNECTION_REFUSED @ http://localhost:4200/:0
[19056546ms] [ERROR] Failed to load resource: net::ERR_CONNECTION_REFUSED @ http://localhost:4200/:0
[19059913ms] [ERROR] Failed to load resource: net::ERR_CONNECTION_REFUSED @ http://localhost:4200/:0
[19063272ms] [ERROR] Failed to load resource: net::ERR_CONNECTION_REFUSED @ http://localhost:4200/:0
[19065242ms] [ERROR] Failed to load resource: net::ERR_CONNECTION_TIMED_OUT @ https://arcep-dev.picosoft.biz/referentiel/api/guide-arceps/has-guide?url=/home:0
[19065322ms] [ERROR] Failed to load resource: net::ERR_CONNECTION_TIMED_OUT @ https://arcep-dev.picosoft.biz/referentiel/api/guide-arceps/has-guide?url=/home:0
[19065327ms] [ERROR] Failed to load resource: net::ERR_CONNECTION_TIMED_OUT @ https://arcep-dev.picosoft.biz/referentiel/api/guide-arceps/has-guide?url=/home:0
[19065330ms] [ERROR] Failed to load resource: net::ERR_CONNECTION_TIMED_OUT @ https://arcep-dev.picosoft.biz/referentiel/api/guide-arceps/has-guide?url=/home:0
[19065334ms] [ERROR] Failed to load resource: net::ERR_CONNECTION_TIMED_OUT @ https://arcep-dev.picosoft.biz/referentiel/api/guide-arceps/has-guide?url=/home:0
[19065462ms] [ERROR] Failed to load resource: net::ERR_CONNECTION_TIMED_OUT @ https://arcep-dev.picosoft.biz/referentiel/api/guide-arceps/has-guide?url=/home:0
[19066620ms] [ERROR] Failed to load resource: net::ERR_CONNECTION_REFUSED @ http://localhost:4200/:0
[19069993ms] [ERROR] Failed to load resource: net::ERR_CONNECTION_REFUSED @ http://localhost:4200/:0
[19073382ms] [ERROR] Failed to load resource: net::ERR_CONNECTION_REFUSED @ http://localhost:4200/:0
[19076738ms] [ERROR] Failed to load resource: net::ERR_CONNECTION_REFUSED @ http://localhost:4200/:0
[19080139ms] [ERROR] Failed to load resource: net::ERR_CONNECTION_REFUSED @ http://localhost:4200/:0
[19083510ms] [ERROR] Failed to load resource: net::ERR_CONNECTION_REFUSED @ http://localhost:4200/:0
[19086283ms] [ERROR] Failed to load resource: net::ERR_CONNECTION_TIMED_OUT @ https://arcep-dev.picosoft.biz/referentiel/api/guide-arceps/has-guide?url=/home:0
[19086366ms] [ERROR] Failed to load resource: net::ERR_CONNECTION_TIMED_OUT @ https://arcep-dev.picosoft.biz/referentiel/api/guide-arceps/has-guide?url=/home:0
[19086368ms] [ERROR] Failed to load resource: net::ERR_CONNECTION_TIMED_OUT @ https://arcep-dev.picosoft.biz/referentiel/api/guide-arceps/has-guide?url=/home:0
[19086369ms] [ERROR] Failed to load resource: net::ERR_CONNECTION_TIMED_OUT @ https://arcep-dev.picosoft.biz/referentiel/api/guide-arceps/has-guide?url=/home:0
[19086370ms] [ERROR] Failed to load resource: net::ERR_CONNECTION_TIMED_OUT @ https://arcep-dev.picosoft.biz/referentiel/api/guide-arceps/has-guide?url=/home:0
[19086504ms] [ERROR] Failed to load resource: net::ERR_CONNECTION_TIMED_OUT @ https://arcep-dev.picosoft.biz/referentiel/api/guide-arceps/has-guide?url=/home:0
[19086874ms] [ERROR] Failed to load resource: net::ERR_CONNECTION_REFUSED @ http://localhost:4200/:0
[19090242ms] [ERROR] Failed to load resource: net::ERR_CONNECTION_REFUSED @ http://localhost:4200/:0
[19093608ms] [ERROR] Failed to load resource: net::ERR_CONNECTION_REFUSED @ http://localhost:4200/:0
[19096954ms] [ERROR] Failed to load resource: net::ERR_CONNECTION_REFUSED @ http://localhost:4200/:0
[19100298ms] [ERROR] Failed to load resource: net::ERR_CONNECTION_REFUSED @ http://localhost:4200/:0
[19103663ms] [ERROR] Failed to load resource: net::ERR_CONNECTION_REFUSED @ http://localhost:4200/:0
[19107009ms] [ERROR] Failed to load resource: net::ERR_CONNECTION_REFUSED @ http://localhost:4200/:0
[19107324ms] [ERROR] Failed to load resource: net::ERR_CONNECTION_TIMED_OUT @ https://arcep-dev.picosoft.biz/referentiel/api/guide-arceps/has-guide?url=/home:0
[19107403ms] [ERROR] Failed to load resource: net::ERR_CONNECTION_TIMED_OUT @ https://arcep-dev.picosoft.biz/referentiel/api/guide-arceps/has-guide?url=/home:0
[19107403ms] [ERROR] Failed to load resource: net::ERR_CONNECTION_TIMED_OUT @ https://arcep-dev.picosoft.biz/referentiel/api/guide-arceps/has-guide?url=/home:0
[19107405ms] [ERROR] Failed to load resource: net::ERR_CONNECTION_TIMED_OUT @ https://arcep-dev.picosoft.biz/referentiel/api/guide-arceps/has-guide?url=/home:0
[19107407ms] [ERROR] Failed to load resource: net::ERR_CONNECTION_TIMED_OUT @ https://arcep-dev.picosoft.biz/referentiel/api/guide-arceps/has-guide?url=/home:0
[19107545ms] [ERROR] Failed to load resource: net::ERR_CONNECTION_TIMED_OUT @ https://arcep-dev.picosoft.biz/referentiel/api/guide-arceps/has-guide?url=/home:0
[19110360ms] [ERROR] Failed to load resource: net::ERR_CONNECTION_REFUSED @ http://localhost:4200/:0
[19113728ms] [ERROR] Failed to load resource: net::ERR_CONNECTION_REFUSED @ http://localhost:4200/:0
[19117082ms] [ERROR] Failed to load resource: net::ERR_CONNECTION_REFUSED @ http://localhost:4200/:0
[19120444ms] [ERROR] Failed to load resource: net::ERR_CONNECTION_REFUSED @ http://localhost:4200/:0
[19123815ms] [ERROR] Failed to load resource: net::ERR_CONNECTION_REFUSED @ http://localhost:4200/:0
[19127153ms] [ERROR] Failed to load resource: net::ERR_CONNECTION_REFUSED @ http://localhost:4200/:0
[19128369ms] [ERROR] Failed to load resource: net::ERR_CONNECTION_TIMED_OUT @ https://arcep-dev.picosoft.biz/referentiel/api/guide-arceps/has-guide?url=/home:0
[19128447ms] [ERROR] Failed to load resource: net::ERR_CONNECTION_TIMED_OUT @ https://arcep-dev.picosoft.biz/referentiel/api/guide-arceps/has-guide?url=/home:0
[19128449ms] [ERROR] Failed to load resource: net::ERR_CONNECTION_TIMED_OUT @ https://arcep-dev.picosoft.biz/referentiel/api/guide-arceps/has-guide?url=/home:0
[19128450ms] [ERROR] Failed to load resource: net::ERR_CONNECTION_TIMED_OUT @ https://arcep-dev.picosoft.biz/referentiel/api/guide-arceps/has-guide?url=/home:0
[19128517ms] [ERROR] Failed to load resource: net::ERR_CONNECTION_TIMED_OUT @ https://arcep-dev.picosoft.biz/mskernel/api/profile-user:0
[19128587ms] [ERROR] Failed to fetch notifications HttpErrorResponse @ http://localhost:4200/main.js:8807
[19128587ms] [ERROR] Failed to load resource: net::ERR_CONNECTION_TIMED_OUT @ https://arcep-dev.picosoft.biz/mskernel/api/notif:0
[19130492ms] [ERROR] Failed to load resource: net::ERR_CONNECTION_REFUSED @ http://localhost:4200/:0
[19133845ms] [ERROR] Failed to load resource: net::ERR_CONNECTION_REFUSED @ http://localhost:4200/:0
[19137203ms] [ERROR] Failed to load resource: net::ERR_CONNECTION_REFUSED @ http://localhost:4200/:0
[19140552ms] [ERROR] Failed to load resource: net::ERR_CONNECTION_REFUSED @ http://localhost:4200/:0
[19143939ms] [ERROR] Failed to load resource: net::ERR_CONNECTION_REFUSED @ http://localhost:4200/:0
[19147279ms] [ERROR] Failed to load resource: net::ERR_CONNECTION_REFUSED @ http://localhost:4200/:0
[19149409ms] [ERROR] Failed to load resource: net::ERR_CONNECTION_TIMED_OUT @ https://arcep-dev.picosoft.biz/referentiel/api/guide-arceps/has-guide?url=/home:0
[19149487ms] [ERROR] Failed to load resource: net::ERR_CONNECTION_TIMED_OUT @ https://arcep-dev.picosoft.biz/referentiel/api/guide-arceps/has-guide?url=/home:0
[19149487ms] [ERROR] Failed to load resource: net::ERR_CONNECTION_TIMED_OUT @ https://arcep-dev.picosoft.biz/referentiel/api/guide-arceps/has-guide?url=/home:0
[19149488ms] [ERROR] Failed to load resource: net::ERR_CONNECTION_TIMED_OUT @ https://arcep-dev.picosoft.biz/referentiel/api/guide-arceps/has-guide?url=/home:0
[19149489ms] [ERROR] Failed to load resource: net::ERR_CONNECTION_TIMED_OUT @ https://arcep-dev.picosoft.biz/referentiel/api/guide-arceps/has-guide?url=/home:0
[19149646ms] [ERROR] Failed to load resource: net::ERR_CONNECTION_TIMED_OUT @ https://arcep-dev.picosoft.biz/referentiel/api/guide-arceps/has-guide?url=/home:0
[19150627ms] [ERROR] Failed to load resource: net::ERR_CONNECTION_REFUSED @ http://localhost:4200/:0
[19153980ms] [ERROR] Failed to load resource: net::ERR_CONNECTION_REFUSED @ http://localhost:4200/:0
[19157345ms] [ERROR] Failed to load resource: net::ERR_CONNECTION_REFUSED @ http://localhost:4200/:0
[19160688ms] [ERROR] Failed to load resource: net::ERR_CONNECTION_REFUSED @ http://localhost:4200/:0
[19164022ms] [ERROR] Failed to load resource: net::ERR_CONNECTION_REFUSED @ http://localhost:4200/:0
[19167366ms] [ERROR] Failed to load resource: net::ERR_CONNECTION_REFUSED @ http://localhost:4200/:0
[19170436ms] [ERROR] Failed to load resource: net::ERR_CONNECTION_TIMED_OUT @ https://arcep-dev.picosoft.biz/referentiel/api/guide-arceps/has-guide?url=/home:0
[19170515ms] [ERROR] Failed to load resource: net::ERR_CONNECTION_TIMED_OUT @ https://arcep-dev.picosoft.biz/referentiel/api/guide-arceps/has-guide?url=/home:0
[19170529ms] [ERROR] Failed to load resource: net::ERR_CONNECTION_TIMED_OUT @ https://arcep-dev.picosoft.biz/referentiel/api/guide-arceps/has-guide?url=/home:0
[19170537ms] [ERROR] Failed to load resource: net::ERR_CONNECTION_TIMED_OUT @ https://arcep-dev.picosoft.biz/referentiel/api/guide-arceps/has-guide?url=/home:0
[19170538ms] [ERROR] Failed to load resource: net::ERR_CONNECTION_TIMED_OUT @ https://arcep-dev.picosoft.biz/referentiel/api/guide-arceps/has-guide?url=/home:0
[19170688ms] [ERROR] Failed to load resource: net::ERR_CONNECTION_TIMED_OUT @ https://arcep-dev.picosoft.biz/referentiel/api/guide-arceps/has-guide?url=/home:0
[19170703ms] [ERROR] Failed to load resource: net::ERR_CONNECTION_REFUSED @ http://localhost:4200/:0
[19174032ms] [ERROR] Failed to load resource: net::ERR_CONNECTION_REFUSED @ http://localhost:4200/:0
[19177364ms] [ERROR] Failed to load resource: net::ERR_CONNECTION_REFUSED @ http://localhost:4200/:0
[19180731ms] [ERROR] Failed to load resource: net::ERR_CONNECTION_REFUSED @ http://localhost:4200/:0
[19184093ms] [ERROR] Failed to load resource: net::ERR_CONNECTION_REFUSED @ http://localhost:4200/:0
[19187462ms] [ERROR] Failed to load resource: net::ERR_CONNECTION_REFUSED @ http://localhost:4200/:0
[19190852ms] [ERROR] Failed to load resource: net::ERR_CONNECTION_REFUSED @ http://localhost:4200/:0
[19191478ms] [ERROR] Failed to load resource: net::ERR_CONNECTION_TIMED_OUT @ https://arcep-dev.picosoft.biz/referentiel/api/guide-arceps/has-guide?url=/home:0
[19191558ms] [ERROR] Failed to load resource: net::ERR_CONNECTION_TIMED_OUT @ https://arcep-dev.picosoft.biz/referentiel/api/guide-arceps/has-guide?url=/home:0
[19191567ms] [ERROR] Failed to load resource: net::ERR_CONNECTION_TIMED_OUT @ https://arcep-dev.picosoft.biz/referentiel/api/guide-arceps/has-guide?url=/home:0
[19191568ms] [ERROR] Failed to load resource: net::ERR_CONNECTION_TIMED_OUT @ https://arcep-dev.picosoft.biz/referentiel/api/guide-arceps/has-guide?url=/home:0
[19191568ms] [ERROR] Failed to load resource: net::ERR_CONNECTION_TIMED_OUT @ https://arcep-dev.picosoft.biz/referentiel/api/guide-arceps/has-guide?url=/home:0
[19191730ms] [ERROR] Failed to load resource: net::ERR_CONNECTION_TIMED_OUT @ https://arcep-dev.picosoft.biz/referentiel/api/guide-arceps/has-guide?url=/home:0
[19194200ms] [ERROR] Failed to load resource: net::ERR_CONNECTION_REFUSED @ http://localhost:4200/:0
[19197568ms] [ERROR] Failed to load resource: net::ERR_CONNECTION_REFUSED @ http://localhost:4200/:0
[19200921ms] [ERROR] Failed to load resource: net::ERR_CONNECTION_REFUSED @ http://localhost:4200/:0
[19204296ms] [ERROR] Failed to load resource: net::ERR_CONNECTION_REFUSED @ http://localhost:4200/:0
[19207630ms] [ERROR] Failed to load resource: net::ERR_CONNECTION_REFUSED @ http://localhost:4200/:0
[19210956ms] [ERROR] Failed to load resource: net::ERR_CONNECTION_REFUSED @ http://localhost:4200/:0
[19212523ms] [ERROR] Failed to load resource: net::ERR_CONNECTION_TIMED_OUT @ https://arcep-dev.picosoft.biz/referentiel/api/guide-arceps/has-guide?url=/home:0
[19212602ms] [ERROR] Failed to load resource: net::ERR_CONNECTION_TIMED_OUT @ https://arcep-dev.picosoft.biz/referentiel/api/guide-arceps/has-guide?url=/home:0
[19212603ms] [ERROR] Failed to load resource: net::ERR_CONNECTION_TIMED_OUT @ https://arcep-dev.picosoft.biz/referentiel/api/guide-arceps/has-guide?url=/home:0
[19212604ms] [ERROR] Failed to load resource: net::ERR_CONNECTION_TIMED_OUT @ https://arcep-dev.picosoft.biz/referentiel/api/guide-arceps/has-guide?url=/home:0
[19212604ms] [ERROR] Failed to load resource: net::ERR_CONNECTION_TIMED_OUT @ https://arcep-dev.picosoft.biz/referentiel/api/guide-arceps/has-guide?url=/home:0
[19212776ms] [ERROR] Failed to load resource: net::ERR_CONNECTION_TIMED_OUT @ https://arcep-dev.picosoft.biz/referentiel/api/guide-arceps/has-guide?url=/home:0
[19214280ms] [ERROR] Failed to load resource: net::ERR_CONNECTION_REFUSED @ http://localhost:4200/:0
[19217630ms] [ERROR] Failed to load resource: net::ERR_CONNECTION_REFUSED @ http://localhost:4200/:0
[19220990ms] [ERROR] Failed to load resource: net::ERR_CONNECTION_REFUSED @ http://localhost:4200/:0
[19224355ms] [ERROR] Failed to load resource: net::ERR_CONNECTION_REFUSED @ http://localhost:4200/:0
[19227721ms] [ERROR] Failed to load resource: net::ERR_CONNECTION_REFUSED @ http://localhost:4200/:0
[19231079ms] [ERROR] Failed to load resource: net::ERR_CONNECTION_REFUSED @ http://localhost:4200/:0
[19233567ms] [ERROR] Failed to load resource: net::ERR_CONNECTION_TIMED_OUT @ https://arcep-dev.picosoft.biz/referentiel/api/guide-arceps/has-guide?url=/home:0
[19233630ms] [ERROR] Failed to load resource: net::ERR_CONNECTION_TIMED_OUT @ https://arcep-dev.picosoft.biz/referentiel/api/guide-arceps/has-guide?url=/home:0
[19233688ms] [ERROR] Failed to load resource: net::ERR_CONNECTION_TIMED_OUT @ https://arcep-dev.picosoft.biz/mskernel/api/profile-user:0
[19233698ms] [ERROR] Failed to fetch notifications HttpErrorResponse @ http://localhost:4200/main.js:8807
[19233699ms] [ERROR] Failed to load resource: net::ERR_CONNECTION_TIMED_OUT @ https://arcep-dev.picosoft.biz/mskernel/api/notif:0
[19233700ms] [ERROR] Failed to load resource: net::ERR_CONNECTION_TIMED_OUT @ https://arcep-dev.picosoft.biz/referentiel/api/guide-arceps/has-guide?url=/home:0
[19233803ms] [ERROR] Failed to load resource: net::ERR_CONNECTION_TIMED_OUT @ https://arcep-dev.picosoft.biz/referentiel/api/guide-arceps/has-guide?url=/home:0
[19234432ms] [ERROR] Failed to load resource: net::ERR_CONNECTION_REFUSED @ http://localhost:4200/:0
[19237781ms] [ERROR] Failed to load resource: net::ERR_CONNECTION_REFUSED @ http://localhost:4200/:0
[19241155ms] [ERROR] Failed to load resource: net::ERR_CONNECTION_REFUSED @ http://localhost:4200/:0
[19244515ms] [ERROR] Failed to load resource: net::ERR_CONNECTION_REFUSED @ http://localhost:4200/:0
[19247878ms] [ERROR] Failed to load resource: net::ERR_CONNECTION_REFUSED @ http://localhost:4200/:0
[19251225ms] [ERROR] Failed to load resource: net::ERR_CONNECTION_REFUSED @ http://localhost:4200/:0
[19254584ms] [ERROR] Failed to load resource: net::ERR_CONNECTION_REFUSED @ http://localhost:4200/:0
[19254612ms] [ERROR] Failed to load resource: net::ERR_CONNECTION_TIMED_OUT @ https://arcep-dev.picosoft.biz/referentiel/api/guide-arceps/has-guide?url=/home:0
[19254676ms] [ERROR] Failed to load resource: net::ERR_CONNECTION_TIMED_OUT @ https://arcep-dev.picosoft.biz/referentiel/api/guide-arceps/has-guide?url=/home:0
[19254677ms] [ERROR] Failed to load resource: net::ERR_CONNECTION_TIMED_OUT @ https://arcep-dev.picosoft.biz/referentiel/api/guide-arceps/has-guide?url=/home:0
[19254677ms] [ERROR] Failed to load resource: net::ERR_CONNECTION_TIMED_OUT @ https://arcep-dev.picosoft.biz/referentiel/api/guide-arceps/has-guide?url=/home:0
[19254678ms] [ERROR] Failed to load resource: net::ERR_CONNECTION_TIMED_OUT @ https://arcep-dev.picosoft.biz/referentiel/api/guide-arceps/has-guide?url=/home:0
[19254862ms] [ERROR] Failed to load resource: net::ERR_CONNECTION_TIMED_OUT @ https://arcep-dev.picosoft.biz/referentiel/api/guide-arceps/has-guide?url=/home:0
[19257932ms] [ERROR] Failed to load resource: net::ERR_CONNECTION_REFUSED @ http://localhost:4200/:0
[19261270ms] [ERROR] Failed to load resource: net::ERR_CONNECTION_REFUSED @ http://localhost:4200/:0
[19264626ms] [ERROR] Failed to load resource: net::ERR_CONNECTION_REFUSED @ http://localhost:4200/:0
[19267982ms] [ERROR] Failed to load resource: net::ERR_CONNECTION_REFUSED @ http://localhost:4200/:0
[19271355ms] [ERROR] Failed to load resource: net::ERR_CONNECTION_REFUSED @ http://localhost:4200/:0
[19274698ms] [ERROR] Failed to load resource: net::ERR_CONNECTION_REFUSED @ http://localhost:4200/:0
[19275639ms] [ERROR] Failed to load resource: net::ERR_CONNECTION_TIMED_OUT @ https://arcep-dev.picosoft.biz/referentiel/api/guide-arceps/has-guide?url=/home:0
[19275702ms] [ERROR] Failed to load resource: net::ERR_CONNECTION_TIMED_OUT @ https://arcep-dev.picosoft.biz/referentiel/api/guide-arceps/has-guide?url=/home:0
[19275703ms] [ERROR] Failed to load resource: net::ERR_CONNECTION_TIMED_OUT @ https://arcep-dev.picosoft.biz/referentiel/api/guide-arceps/has-guide?url=/home:0
[19275703ms] [ERROR] Failed to load resource: net::ERR_CONNECTION_TIMED_OUT @ https://arcep-dev.picosoft.biz/referentiel/api/guide-arceps/has-guide?url=/home:0
[19275703ms] [ERROR] Failed to load resource: net::ERR_CONNECTION_TIMED_OUT @ https://arcep-dev.picosoft.biz/referentiel/api/guide-arceps/has-guide?url=/home:0
[19275895ms] [ERROR] Failed to load resource: net::ERR_CONNECTION_TIMED_OUT @ https://arcep-dev.picosoft.biz/referentiel/api/guide-arceps/has-guide?url=/home:0
[19278039ms] [ERROR] Failed to load resource: net::ERR_CONNECTION_REFUSED @ http://localhost:4200/:0
[19281405ms] [ERROR] Failed to load resource: net::ERR_CONNECTION_REFUSED @ http://localhost:4200/:0
[19284761ms] [ERROR] Failed to load resource: net::ERR_CONNECTION_REFUSED @ http://localhost:4200/:0
[19288122ms] [ERROR] Failed to load resource: net::ERR_CONNECTION_REFUSED @ http://localhost:4200/:0
[19291505ms] [ERROR] Failed to load resource: net::ERR_CONNECTION_REFUSED @ http://localhost:4200/:0
[19294889ms] [ERROR] Failed to load resource: net::ERR_CONNECTION_REFUSED @ http://localhost:4200/:0
[19296671ms] [ERROR] Failed to load resource: net::ERR_CONNECTION_TIMED_OUT @ https://arcep-dev.picosoft.biz/referentiel/api/guide-arceps/has-guide?url=/home:0
[19296734ms] [ERROR] Failed to load resource: net::ERR_CONNECTION_TIMED_OUT @ https://arcep-dev.picosoft.biz/referentiel/api/guide-arceps/has-guide?url=/home:0
[19296734ms] [ERROR] Failed to load resource: net::ERR_CONNECTION_TIMED_OUT @ https://arcep-dev.picosoft.biz/referentiel/api/guide-arceps/has-guide?url=/home:0
[19296734ms] [ERROR] Failed to load resource: net::ERR_CONNECTION_TIMED_OUT @ https://arcep-dev.picosoft.biz/referentiel/api/guide-arceps/has-guide?url=/home:0
[19296734ms] [ERROR] Failed to load resource: net::ERR_CONNECTION_TIMED_OUT @ https://arcep-dev.picosoft.biz/referentiel/api/guide-arceps/has-guide?url=/home:0
[19296936ms] [ERROR] Failed to load resource: net::ERR_CONNECTION_TIMED_OUT @ https://arcep-dev.picosoft.biz/referentiel/api/guide-arceps/has-guide?url=/home:0
[19298234ms] [ERROR] Failed to load resource: net::ERR_CONNECTION_REFUSED @ http://localhost:4200/:0
[19301608ms] [ERROR] Failed to load resource: net::ERR_CONNECTION_REFUSED @ http://localhost:4200/:0
